Refreshing checks status every 10 seconds. Press Ctrl+C to quit.

Pick runner	pass	4s	https://github.com/etrobert/setup/actions/runs/31613960421/job/94171982366	
actionlint	pass	7s	https://github.com/etrobert/setup/actions/runs/31613960637/job/94172028757	
all-checks	pass	4s	https://github.com/etrobert/setup/actions/runs/31613960637/job/94172114888	
deadnix	pass	8s	https://github.com/etrobert/setup/actions/runs/31613960637/job/94172028817	
discover	pass	7s	https://github.com/etrobert/setup/actions/runs/31613960421/job/94172016306	
discover	pass	7s	https://github.com/etrobert/setup/actions/runs/31613960637/job/94171983086	
eval	pass	19s	https://github.com/etrobert/setup/actions/runs/31613960637/job/94171983030	
format	pass	7s	https://github.com/etrobert/setup/actions/runs/31613960637/job/94171983114	
leod	pass	20s	https://github.com/etrobert/setup/actions/runs/31613960421/job/94172067843	
pi	pass	12s	https://github.com/etrobert/setup/actions/runs/31613960421/job/94172067760	
statix	pass	8s	https://github.com/etrobert/setup/actions/runs/31613960637/job/94172028743	
stylua	pass	8s	https://github.com/etrobert/setup/actions/runs/31613960637/job/94172028903	
tower	pass	24s	https://github.com/etrobert/setup/actions/runs/31613960421/job/94172067897	
yamllint	pass	8s	https://github.com/etrobert/setup/actions/runs/31613960637/job/94172028729	
aaron	pending	0	https://github.com/etrobert/setup/actions/runs/31613960421/job/94172067734	
Refreshing checks status every 10 seconds. Press Ctrl+C to quit.

Pick runner	pass	4s	https://github.com/etrobert/setup/actions/runs/31613960421/job/94171982366	
actionlint	pass	7s	https://github.com/etrobert/setup/actions/runs/31613960637/job/94172028757	
all-checks	pass	4s	https://github.com/etrobert/setup/actions/runs/31613960637/job/94172114888	
deadnix	pass	8s	https://github.com/etrobert/setup/actions/runs/31613960637/job/94172028817	
discover	pass	7s	https://github.com/etrobert/setup/actions/runs/31613960421/job/94172016306	
discover	pass	7s	https://github.com/etrobert/setup/actions/runs/31613960637/job/94171983086	
eval	pass	19s	https://github.com/etrobert/setup/actions/runs/31613960637/job/94171983030	
format	pass	7s	https://github.com/etrobert/setup/actions/runs/31613960637/job/94171983114	
leod	pass	20s	https://github.com/etrobert/setup/actions/runs/31613960421/job/94172067843	
pi	pass	12s	https://github.com/etrobert/setup/actions/runs/31613960421/job/94172067760	
statix	pass	8s	https://github.com/etrobert/setup/actions/runs/31613960637/job/94172028743	
stylua	pass	8s	https://github.com/etrobert/setup/actions/runs/31613960637/job/94172028903	
tower	pass	24s	https://github.com/etrobert/setup/actions/runs/31613960421/job/94172067897	
yamllint	pass	8s	https://github.com/etrobert/setup/actions/runs/31613960637/job/94172028729	
aaron	pending	0	https://github.com/etrobert/setup/actions/runs/31613960421/job/94172067734	
Refreshing checks status every 10 seconds. Press Ctrl+C to quit.

Pick runner	pass	4s	https://github.com/etrobert/setup/actions/runs/31613960421/job/94171982366	
actionlint	pass	7s	https://github.com/etrobert/setup/actions/runs/31613960637/job/94172028757	
all-checks	pass	4s	https://github.com/etrobert/setup/actions/runs/31613960637/job/94172114888	
deadnix	pass	8s	https://github.com/etrobert/setup/actions/runs/31613960637/job/94172028817	
discover	pass	7s	https://github.com/etrobert/setup/actions/runs/31613960421/job/94172016306	
discover	pass	7s	https://github.com/etrobert/setup/actions/runs/31613960637/job/94171983086	
eval	pass	19s	https://github.com/etrobert/setup/actions/runs/31613960637/job/94171983030	
format	pass	7s	https://github.com/etrobert/setup/actions/runs/31613960637/job/94171983114	
leod	pass	20s	https://github.com/etrobert/setup/actions/runs/31613960421/job/94172067843	
pi	pass	12s	https://github.com/etrobert/setup/actions/runs/31613960421/job/94172067760	
statix	pass	8s	https://github.com/etrobert/setup/actions/runs/31613960637/job/94172028743	
stylua	pass	8s	https://github.com/etrobert/setup/actions/runs/31613960637/job/94172028903	
tower	pass	24s	https://github.com/etrobert/setup/actions/runs/31613960421/job/94172067897	
yamllint	pass	8s	https://github.com/etrobert/setup/actions/runs/31613960637/job/94172028729	
aaron	pending	0	https://github.com/etrobert/setup/actions/runs/31613960421/job/94172067734	
Refreshing checks status every 10 seconds. Press Ctrl+C to quit.

Pick runner	pass	4s	https://github.com/etrobert/setup/actions/runs/31613960421/job/94171982366	
actionlint	pass	7s	https://github.com/etrobert/setup/actions/runs/31613960637/job/94172028757	
all-checks	pass	4s	https://github.com/etrobert/setup/actions/runs/31613960637/job/94172114888	
deadnix	pass	8s	https://github.com/etrobert/setup/actions/runs/31613960637/job/94172028817	
discover	pass	7s	https://github.com/etrobert/setup/actions/runs/31613960421/job/94172016306	
discover	pass	7s	https://github.com/etrobert/setup/actions/runs/31613960637/job/94171983086	
eval	pass	19s	https://github.com/etrobert/setup/actions/runs/31613960637/job/94171983030	
format	pass	7s	https://github.com/etrobert/setup/actions/runs/31613960637/job/94171983114	
leod	pass	20s	https://github.com/etrobert/setup/actions/runs/31613960421/job/94172067843	
pi	pass	12s	https://github.com/etrobert/setup/actions/runs/31613960421/job/94172067760	
statix	pass	8s	https://github.com/etrobert/setup/actions/runs/31613960637/job/94172028743	
stylua	pass	8s	https://github.com/etrobert/setup/actions/runs/31613960637/job/94172028903	
tower	pass	24s	https://github.com/etrobert/setup/actions/runs/31613960421/job/94172067897	
yamllint	pass	8s	https://github.com/etrobert/setup/actions/runs/31613960637/job/94172028729	
aaron	pending	0	https://github.com/etrobert/setup/actions/runs/31613960421/job/94172067734	
Refreshing checks status every 10 seconds. Press Ctrl+C to quit.

Pick runner	pass	4s	https://github.com/etrobert/setup/actions/runs/31613960421/job/94171982366	
actionlint	pass	7s	https://github.com/etrobert/setup/actions/runs/31613960637/job/94172028757	
all-checks	pass	4s	https://github.com/etrobert/setup/actions/runs/31613960637/job/94172114888	
deadnix	pass	8s	https://github.com/etrobert/setup/actions/runs/31613960637/job/94172028817	
discover	pass	7s	https://github.com/etrobert/setup/actions/runs/31613960421/job/94172016306	
discover	pass	7s	https://github.com/etrobert/setup/actions/runs/31613960637/job/94171983086	
eval	pass	19s	https://github.com/etrobert/setup/actions/runs/31613960637/job/94171983030	
format	pass	7s	https://github.com/etrobert/setup/actions/runs/31613960637/job/94171983114	
leod	pass	20s	https://github.com/etrobert/setup/actions/runs/31613960421/job/94172067843	
pi	pass	12s	https://github.com/etrobert/setup/actions/runs/31613960421/job/94172067760	
statix	pass	8s	https://github.com/etrobert/setup/actions/runs/31613960637/job/94172028743	
stylua	pass	8s	https://github.com/etrobert/setup/actions/runs/31613960637/job/94172028903	
tower	pass	24s	https://github.com/etrobert/setup/actions/runs/31613960421/job/94172067897	
yamllint	pass	8s	https://github.com/etrobert/setup/actions/runs/31613960637/job/94172028729	
aaron	pending	0	https://github.com/etrobert/setup/actions/runs/31613960421/job/94172067734	
Refreshing checks status every 10 seconds. Press Ctrl+C to quit.

Pick runner	pass	4s	https://github.com/etrobert/setup/actions/runs/31613960421/job/94171982366	
actionlint	pass	7s	https://github.com/etrobert/setup/actions/runs/31613960637/job/94172028757	
all-checks	pass	4s	https://github.com/etrobert/setup/actions/runs/31613960637/job/94172114888	
deadnix	pass	8s	https://github.com/etrobert/setup/actions/runs/31613960637/job/94172028817	
discover	pass	7s	https://github.com/etrobert/setup/actions/runs/31613960421/job/94172016306	
discover	pass	7s	https://github.com/etrobert/setup/actions/runs/31613960637/job/94171983086	
eval	pass	19s	https://github.com/etrobert/setup/actions/runs/31613960637/job/94171983030	
format	pass	7s	https://github.com/etrobert/setup/actions/runs/31613960637/job/94171983114	
leod	pass	20s	https://github.com/etrobert/setup/actions/runs/31613960421/job/94172067843	
pi	pass	12s	https://github.com/etrobert/setup/actions/runs/31613960421/job/94172067760	
statix	pass	8s	https://github.com/etrobert/setup/actions/runs/31613960637/job/94172028743	
stylua	pass	8s	https://github.com/etrobert/setup/actions/runs/31613960637/job/94172028903	
tower	pass	24s	https://github.com/etrobert/setup/actions/runs/31613960421/job/94172067897	
yamllint	pass	8s	https://github.com/etrobert/setup/actions/runs/31613960637/job/94172028729	
aaron	pending	0	https://github.com/etrobert/setup/actions/runs/31613960421/job/94172067734	
Refreshing checks status every 10 seconds. Press Ctrl+C to quit.

Pick runner	pass	4s	https://github.com/etrobert/setup/actions/runs/31613960421/job/94171982366	
actionlint	pass	7s	https://github.com/etrobert/setup/actions/runs/31613960637/job/94172028757	
all-checks	pass	4s	https://github.com/etrobert/setup/actions/runs/31613960637/job/94172114888	
deadnix	pass	8s	https://github.com/etrobert/setup/actions/runs/31613960637/job/94172028817	
discover	pass	7s	https://github.com/etrobert/setup/actions/runs/31613960421/job/94172016306	
discover	pass	7s	https://github.com/etrobert/setup/actions/runs/31613960637/job/94171983086	
eval	pass	19s	https://github.com/etrobert/setup/actions/runs/31613960637/job/94171983030	
format	pass	7s	https://github.com/etrobert/setup/actions/runs/31613960637/job/94171983114	
leod	pass	20s	https://github.com/etrobert/setup/actions/runs/31613960421/job/94172067843	
pi	pass	12s	https://github.com/etrobert/setup/actions/runs/31613960421/job/94172067760	
statix	pass	8s	https://github.com/etrobert/setup/actions/runs/31613960637/job/94172028743	
stylua	pass	8s	https://github.com/etrobert/setup/actions/runs/31613960637/job/94172028903	
tower	pass	24s	https://github.com/etrobert/setup/actions/runs/31613960421/job/94172067897	
yamllint	pass	8s	https://github.com/etrobert/setup/actions/runs/31613960637/job/94172028729	
aaron	pending	0	https://github.com/etrobert/setup/actions/runs/31613960421/job/94172067734	
Refreshing checks status every 10 seconds. Press Ctrl+C to quit.

Pick runner	pass	4s	https://github.com/etrobert/setup/actions/runs/31613960421/job/94171982366	
actionlint	pass	7s	https://github.com/etrobert/setup/actions/runs/31613960637/job/94172028757	
all-checks	pass	4s	https://github.com/etrobert/setup/actions/runs/31613960637/job/94172114888	
deadnix	pass	8s	https://github.com/etrobert/setup/actions/runs/31613960637/job/94172028817	
discover	pass	7s	https://github.com/etrobert/setup/actions/runs/31613960421/job/94172016306	
discover	pass	7s	https://github.com/etrobert/setup/actions/runs/31613960637/job/94171983086	
eval	pass	19s	https://github.com/etrobert/setup/actions/runs/31613960637/job/94171983030	
format	pass	7s	https://github.com/etrobert/setup/actions/runs/31613960637/job/94171983114	
leod	pass	20s	https://github.com/etrobert/setup/actions/runs/31613960421/job/94172067843	
pi	pass	12s	https://github.com/etrobert/setup/actions/runs/31613960421/job/94172067760	
statix	pass	8s	https://github.com/etrobert/setup/actions/runs/31613960637/job/94172028743	
stylua	pass	8s	https://github.com/etrobert/setup/actions/runs/31613960637/job/94172028903	
tower	pass	24s	https://github.com/etrobert/setup/actions/runs/31613960421/job/94172067897	
yamllint	pass	8s	https://github.com/etrobert/setup/actions/runs/31613960637/job/94172028729	
aaron	pending	0	https://github.com/etrobert/setup/actions/runs/31613960421/job/94172067734	
Refreshing checks status every 10 seconds. Press Ctrl+C to quit.

Pick runner	pass	4s	https://github.com/etrobert/setup/actions/runs/31613960421/job/94171982366	
actionlint	pass	7s	https://github.com/etrobert/setup/actions/runs/31613960637/job/94172028757	
all-checks	pass	4s	https://github.com/etrobert/setup/actions/runs/31613960637/job/94172114888	
deadnix	pass	8s	https://github.com/etrobert/setup/actions/runs/31613960637/job/94172028817	
discover	pass	7s	https://github.com/etrobert/setup/actions/runs/31613960421/job/94172016306	
discover	pass	7s	https://github.com/etrobert/setup/actions/runs/31613960637/job/94171983086	
eval	pass	19s	https://github.com/etrobert/setup/actions/runs/31613960637/job/94171983030	
format	pass	7s	https://github.com/etrobert/setup/actions/runs/31613960637/job/94171983114	
leod	pass	20s	https://github.com/etrobert/setup/actions/runs/31613960421/job/94172067843	
pi	pass	12s	https://github.com/etrobert/setup/actions/runs/31613960421/job/94172067760	
statix	pass	8s	https://github.com/etrobert/setup/actions/runs/31613960637/job/94172028743	
stylua	pass	8s	https://github.com/etrobert/setup/actions/runs/31613960637/job/94172028903	
tower	pass	24s	https://github.com/etrobert/setup/actions/runs/31613960421/job/94172067897	
yamllint	pass	8s	https://github.com/etrobert/setup/actions/runs/31613960637/job/94172028729	
aaron	pending	0	https://github.com/etrobert/setup/actions/runs/31613960421/job/94172067734	
Refreshing checks status every 10 seconds. Press Ctrl+C to quit.

Pick runner	pass	4s	https://github.com/etrobert/setup/actions/runs/31613960421/job/94171982366	
actionlint	pass	7s	https://github.com/etrobert/setup/actions/runs/31613960637/job/94172028757	
all-checks	pass	4s	https://github.com/etrobert/setup/actions/runs/31613960637/job/94172114888	
deadnix	pass	8s	https://github.com/etrobert/setup/actions/runs/31613960637/job/94172028817	
discover	pass	7s	https://github.com/etrobert/setup/actions/runs/31613960421/job/94172016306	
discover	pass	7s	https://github.com/etrobert/setup/actions/runs/31613960637/job/94171983086	
eval	pass	19s	https://github.com/etrobert/setup/actions/runs/31613960637/job/94171983030	
format	pass	7s	https://github.com/etrobert/setup/actions/runs/31613960637/job/94171983114	
leod	pass	20s	https://github.com/etrobert/setup/actions/runs/31613960421/job/94172067843	
pi	pass	12s	https://github.com/etrobert/setup/actions/runs/31613960421/job/94172067760	
statix	pass	8s	https://github.com/etrobert/setup/actions/runs/31613960637/job/94172028743	
stylua	pass	8s	https://github.com/etrobert/setup/actions/runs/31613960637/job/94172028903	
tower	pass	24s	https://github.com/etrobert/setup/actions/runs/31613960421/job/94172067897	
yamllint	pass	8s	https://github.com/etrobert/setup/actions/runs/31613960637/job/94172028729	
aaron	pending	0	https://github.com/etrobert/setup/actions/runs/31613960421/job/94172067734	
Refreshing checks status every 10 seconds. Press Ctrl+C to quit.

Pick runner	pass	4s	https://github.com/etrobert/setup/actions/runs/31613960421/job/94171982366	
actionlint	pass	7s	https://github.com/etrobert/setup/actions/runs/31613960637/job/94172028757	
all-checks	pass	4s	https://github.com/etrobert/setup/actions/runs/31613960637/job/94172114888	
deadnix	pass	8s	https://github.com/etrobert/setup/actions/runs/31613960637/job/94172028817	
discover	pass	7s	https://github.com/etrobert/setup/actions/runs/31613960421/job/94172016306	
discover	pass	7s	https://github.com/etrobert/setup/actions/runs/31613960637/job/94171983086	
eval	pass	19s	https://github.com/etrobert/setup/actions/runs/31613960637/job/94171983030	
format	pass	7s	https://github.com/etrobert/setup/actions/runs/31613960637/job/94171983114	
leod	pass	20s	https://github.com/etrobert/setup/actions/runs/31613960421/job/94172067843	
pi	pass	12s	https://github.com/etrobert/setup/actions/runs/31613960421/job/94172067760	
statix	pass	8s	https://github.com/etrobert/setup/actions/runs/31613960637/job/94172028743	
stylua	pass	8s	https://github.com/etrobert/setup/actions/runs/31613960637/job/94172028903	
tower	pass	24s	https://github.com/etrobert/setup/actions/runs/31613960421/job/94172067897	
yamllint	pass	8s	https://github.com/etrobert/setup/actions/runs/31613960637/job/94172028729	
aaron	pending	0	https://github.com/etrobert/setup/actions/runs/31613960421/job/94172067734	
Refreshing checks status every 10 seconds. Press Ctrl+C to quit.

Pick runner	pass	4s	https://github.com/etrobert/setup/actions/runs/31613960421/job/94171982366	
actionlint	pass	7s	https://github.com/etrobert/setup/actions/runs/31613960637/job/94172028757	
all-checks	pass	4s	https://github.com/etrobert/setup/actions/runs/31613960637/job/94172114888	
deadnix	pass	8s	https://github.com/etrobert/setup/actions/runs/31613960637/job/94172028817	
discover	pass	7s	https://github.com/etrobert/setup/actions/runs/31613960421/job/94172016306	
discover	pass	7s	https://github.com/etrobert/setup/actions/runs/31613960637/job/94171983086	
eval	pass	19s	https://github.com/etrobert/setup/actions/runs/31613960637/job/94171983030	
format	pass	7s	https://github.com/etrobert/setup/actions/runs/31613960637/job/94171983114	
leod	pass	20s	https://github.com/etrobert/setup/actions/runs/31613960421/job/94172067843	
pi	pass	12s	https://github.com/etrobert/setup/actions/runs/31613960421/job/94172067760	
statix	pass	8s	https://github.com/etrobert/setup/actions/runs/31613960637/job/94172028743	
stylua	pass	8s	https://github.com/etrobert/setup/actions/runs/31613960637/job/94172028903	
tower	pass	24s	https://github.com/etrobert/setup/actions/runs/31613960421/job/94172067897	
yamllint	pass	8s	https://github.com/etrobert/setup/actions/runs/31613960637/job/94172028729	
aaron	pending	0	https://github.com/etrobert/setup/actions/runs/31613960421/job/94172067734	
Refreshing checks status every 10 seconds. Press Ctrl+C to quit.

Pick runner	pass	4s	https://github.com/etrobert/setup/actions/runs/31613960421/job/94171982366	
actionlint	pass	7s	https://github.com/etrobert/setup/actions/runs/31613960637/job/94172028757	
all-checks	pass	4s	https://github.com/etrobert/setup/actions/runs/31613960637/job/94172114888	
deadnix	pass	8s	https://github.com/etrobert/setup/actions/runs/31613960637/job/94172028817	
discover	pass	7s	https://github.com/etrobert/setup/actions/runs/31613960421/job/94172016306	
discover	pass	7s	https://github.com/etrobert/setup/actions/runs/31613960637/job/94171983086	
eval	pass	19s	https://github.com/etrobert/setup/actions/runs/31613960637/job/94171983030	
format	pass	7s	https://github.com/etrobert/setup/actions/runs/31613960637/job/94171983114	
leod	pass	20s	https://github.com/etrobert/setup/actions/runs/31613960421/job/94172067843	
pi	pass	12s	https://github.com/etrobert/setup/actions/runs/31613960421/job/94172067760	
statix	pass	8s	https://github.com/etrobert/setup/actions/runs/31613960637/job/94172028743	
stylua	pass	8s	https://github.com/etrobert/setup/actions/runs/31613960637/job/94172028903	
tower	pass	24s	https://github.com/etrobert/setup/actions/runs/31613960421/job/94172067897	
yamllint	pass	8s	https://github.com/etrobert/setup/actions/runs/31613960637/job/94172028729	
aaron	pending	0	https://github.com/etrobert/setup/actions/runs/31613960421/job/94172067734	
Refreshing checks status every 10 seconds. Press Ctrl+C to quit.

Pick runner	pass	4s	https://github.com/etrobert/setup/actions/runs/31613960421/job/94171982366	
actionlint	pass	7s	https://github.com/etrobert/setup/actions/runs/31613960637/job/94172028757	
all-checks	pass	4s	https://github.com/etrobert/setup/actions/runs/31613960637/job/94172114888	
deadnix	pass	8s	https://github.com/etrobert/setup/actions/runs/31613960637/job/94172028817	
discover	pass	7s	https://github.com/etrobert/setup/actions/runs/31613960421/job/94172016306	
discover	pass	7s	https://github.com/etrobert/setup/actions/runs/31613960637/job/94171983086	
eval	pass	19s	https://github.com/etrobert/setup/actions/runs/31613960637/job/94171983030	
format	pass	7s	https://github.com/etrobert/setup/actions/runs/31613960637/job/94171983114	
leod	pass	20s	https://github.com/etrobert/setup/actions/runs/31613960421/job/94172067843	
pi	pass	12s	https://github.com/etrobert/setup/actions/runs/31613960421/job/94172067760	
statix	pass	8s	https://github.com/etrobert/setup/actions/runs/31613960637/job/94172028743	
stylua	pass	8s	https://github.com/etrobert/setup/actions/runs/31613960637/job/94172028903	
tower	pass	24s	https://github.com/etrobert/setup/actions/runs/31613960421/job/94172067897	
yamllint	pass	8s	https://github.com/etrobert/setup/actions/runs/31613960637/job/94172028729	
aaron	pending	0	https://github.com/etrobert/setup/actions/runs/31613960421/job/94172067734	
Refreshing checks status every 10 seconds. Press Ctrl+C to quit.

Pick runner	pass	4s	https://github.com/etrobert/setup/actions/runs/31613960421/job/94171982366	
actionlint	pass	7s	https://github.com/etrobert/setup/actions/runs/31613960637/job/94172028757	
all-checks	pass	4s	https://github.com/etrobert/setup/actions/runs/31613960637/job/94172114888	
deadnix	pass	8s	https://github.com/etrobert/setup/actions/runs/31613960637/job/94172028817	
discover	pass	7s	https://github.com/etrobert/setup/actions/runs/31613960421/job/94172016306	
discover	pass	7s	https://github.com/etrobert/setup/actions/runs/31613960637/job/94171983086	
eval	pass	19s	https://github.com/etrobert/setup/actions/runs/31613960637/job/94171983030	
format	pass	7s	https://github.com/etrobert/setup/actions/runs/31613960637/job/94171983114	
leod	pass	20s	https://github.com/etrobert/setup/actions/runs/31613960421/job/94172067843	
pi	pass	12s	https://github.com/etrobert/setup/actions/runs/31613960421/job/94172067760	
statix	pass	8s	https://github.com/etrobert/setup/actions/runs/31613960637/job/94172028743	
stylua	pass	8s	https://github.com/etrobert/setup/actions/runs/31613960637/job/94172028903	
tower	pass	24s	https://github.com/etrobert/setup/actions/runs/31613960421/job/94172067897	
yamllint	pass	8s	https://github.com/etrobert/setup/actions/runs/31613960637/job/94172028729	
aaron	pending	0	https://github.com/etrobert/setup/actions/runs/31613960421/job/94172067734	
Refreshing checks status every 10 seconds. Press Ctrl+C to quit.

Pick runner	pass	4s	https://github.com/etrobert/setup/actions/runs/31613960421/job/94171982366	
actionlint	pass	7s	https://github.com/etrobert/setup/actions/runs/31613960637/job/94172028757	
all-checks	pass	4s	https://github.com/etrobert/setup/actions/runs/31613960637/job/94172114888	
deadnix	pass	8s	https://github.com/etrobert/setup/actions/runs/31613960637/job/94172028817	
discover	pass	7s	https://github.com/etrobert/setup/actions/runs/31613960421/job/94172016306	
discover	pass	7s	https://github.com/etrobert/setup/actions/runs/31613960637/job/94171983086	
eval	pass	19s	https://github.com/etrobert/setup/actions/runs/31613960637/job/94171983030	
format	pass	7s	https://github.com/etrobert/setup/actions/runs/31613960637/job/94171983114	
leod	pass	20s	https://github.com/etrobert/setup/actions/runs/31613960421/job/94172067843	
pi	pass	12s	https://github.com/etrobert/setup/actions/runs/31613960421/job/94172067760	
statix	pass	8s	https://github.com/etrobert/setup/actions/runs/31613960637/job/94172028743	
stylua	pass	8s	https://github.com/etrobert/setup/actions/runs/31613960637/job/94172028903	
tower	pass	24s	https://github.com/etrobert/setup/actions/runs/31613960421/job/94172067897	
yamllint	pass	8s	https://github.com/etrobert/setup/actions/runs/31613960637/job/94172028729	
aaron	pending	0	https://github.com/etrobert/setup/actions/runs/31613960421/job/94172067734	
Refreshing checks status every 10 seconds. Press Ctrl+C to quit.

Pick runner	pass	4s	https://github.com/etrobert/setup/actions/runs/31613960421/job/94171982366	
actionlint	pass	7s	https://github.com/etrobert/setup/actions/runs/31613960637/job/94172028757	
all-checks	pass	4s	https://github.com/etrobert/setup/actions/runs/31613960637/job/94172114888	
deadnix	pass	8s	https://github.com/etrobert/setup/actions/runs/31613960637/job/94172028817	
discover	pass	7s	https://github.com/etrobert/setup/actions/runs/31613960421/job/94172016306	
discover	pass	7s	https://github.com/etrobert/setup/actions/runs/31613960637/job/94171983086	
eval	pass	19s	https://github.com/etrobert/setup/actions/runs/31613960637/job/94171983030	
format	pass	7s	https://github.com/etrobert/setup/actions/runs/31613960637/job/94171983114	
leod	pass	20s	https://github.com/etrobert/setup/actions/runs/31613960421/job/94172067843	
pi	pass	12s	https://github.com/etrobert/setup/actions/runs/31613960421/job/94172067760	
statix	pass	8s	https://github.com/etrobert/setup/actions/runs/31613960637/job/94172028743	
stylua	pass	8s	https://github.com/etrobert/setup/actions/runs/31613960637/job/94172028903	
tower	pass	24s	https://github.com/etrobert/setup/actions/runs/31613960421/job/94172067897	
yamllint	pass	8s	https://github.com/etrobert/setup/actions/runs/31613960637/job/94172028729	
aaron	pending	0	https://github.com/etrobert/setup/actions/runs/31613960421/job/94172067734	
Refreshing checks status every 10 seconds. Press Ctrl+C to quit.

Pick runner	pass	4s	https://github.com/etrobert/setup/actions/runs/31613960421/job/94171982366	
actionlint	pass	7s	https://github.com/etrobert/setup/actions/runs/31613960637/job/94172028757	
all-checks	pass	4s	https://github.com/etrobert/setup/actions/runs/31613960637/job/94172114888	
deadnix	pass	8s	https://github.com/etrobert/setup/actions/runs/31613960637/job/94172028817	
discover	pass	7s	https://github.com/etrobert/setup/actions/runs/31613960421/job/94172016306	
discover	pass	7s	https://github.com/etrobert/setup/actions/runs/31613960637/job/94171983086	
eval	pass	19s	https://github.com/etrobert/setup/actions/runs/31613960637/job/94171983030	
format	pass	7s	https://github.com/etrobert/setup/actions/runs/31613960637/job/94171983114	
leod	pass	20s	https://github.com/etrobert/setup/actions/runs/31613960421/job/94172067843	
pi	pass	12s	https://github.com/etrobert/setup/actions/runs/31613960421/job/94172067760	
statix	pass	8s	https://github.com/etrobert/setup/actions/runs/31613960637/job/94172028743	
stylua	pass	8s	https://github.com/etrobert/setup/actions/runs/31613960637/job/94172028903	
tower	pass	24s	https://github.com/etrobert/setup/actions/runs/31613960421/job/94172067897	
yamllint	pass	8s	https://github.com/etrobert/setup/actions/runs/31613960637/job/94172028729	
aaron	pending	0	https://github.com/etrobert/setup/actions/runs/31613960421/job/94172067734	
